error: could not find `Cargo.toml` in `/home/thorne/Desktop/RadiumOS` or any parent directory
